[debug] [2026-01-28T14:39:28.211Z] ----------------------------------------------------------------------
[debug] [2026-01-28T14:39:28.216Z] Command:       /opt/homebrew/Cellar/node/25.2.1/bin/node /Users/bypkt/.bun/bin/firebase init
[debug] [2026-01-28T14:39:28.216Z] CLI Version:   15.4.0
[debug] [2026-01-28T14:39:28.217Z] Platform:      darwin
[debug] [2026-01-28T14:39:28.217Z] Node Version:  v25.2.1
[debug] [2026-01-28T14:39:28.217Z] Time:          Wed Jan 28 2026 21:39:28 GMT+0700 (Indochina Time)
[debug] [2026-01-28T14:39:28.217Z] ----------------------------------------------------------------------
[debug] 
[info] 
     ######## #### ########  ######## ########     ###     ######  ########
     ##        ##  ##     ## ##       ##     ##  ##   ##  ##       ##
     ######    ##  ########  ######   ########  #########  ######  ######
     ##        ##  ##    ##  ##       ##     ## ##     ##       ## ##
     ##       #### ##     ## ######## ########  ##     ##  ######  ########

You're about to initialize a Firebase project in this directory:

  /Users/bypkt/Project/Mama-Care

[info] 
=== Project Setup
[info] 
[info] First, let's associate this project directory with a Firebase project.
[info] You can create multiple project aliases by running firebase use --add, 
[info] 
[debug] [2026-01-28T14:40:14.560Z] > command requires scopes: ["email","openid","https://www.googleapis.com/auth/cloudplatformprojects.readonly","https://www.googleapis.com/auth/firebase","https://www.googleapis.com/auth/cloud-platform"]
[debug] [2026-01-28T14:40:14.561Z] > authorizing via signed-in user (kanyavee.c@bcn.ac.th)
[debug] [2026-01-28T14:40:14.563Z] Checked if tokens are valid: true, expires at: 1769614754418
[debug] [2026-01-28T14:40:14.563Z] Checked if tokens are valid: true, expires at: 1769614754418
[debug] [2026-01-28T14:40:14.565Z] >>> [apiv2][query] GET https://firebase.googleapis.com/v1beta1/projects pageSize=100
[debug] [2026-01-28T14:40:15.650Z] <<< [apiv2][status] GET https://firebase.googleapis.com/v1beta1/projects 200
[debug] [2026-01-28T14:40:15.650Z] <<< [apiv2][body] GET https://firebase.googleapis.com/v1beta1/projects [omitted]
[info] 
=== Dataconnect Setup
[info] i  dataconnect: ensuring required API firebasedataconnect.googleapis.com is enabled... 
[debug] [2026-01-28T14:40:16.893Z] Checked if tokens are valid: true, expires at: 1769614754418
[debug] [2026-01-28T14:40:16.893Z] Checked if tokens are valid: true, expires at: 1769614754418
[info] i  dataconnect: ensuring required API sqladmin.googleapis.com is enabled... 
[debug] [2026-01-28T14:40:16.893Z] Checked if tokens are valid: true, expires at: 1769614754418
[debug] [2026-01-28T14:40:16.894Z] Checked if tokens are valid: true, expires at: 1769614754418
[debug] [2026-01-28T14:40:16.894Z] >>> [apiv2][query] GET https://serviceusage.googleapis.com/v1/projects/mamacare-975e4/services/firebasedataconnect.googleapis.com [none]
[debug] [2026-01-28T14:40:16.894Z] >>> [apiv2][(partial)header] GET https://serviceusage.googleapis.com/v1/projects/mamacare-975e4/services/firebasedataconnect.googleapis.com x-goog-quota-user=projects/mamacare-975e4
[debug] [2026-01-28T14:40:16.895Z] >>> [apiv2][query] GET https://serviceusage.googleapis.com/v1/projects/mamacare-975e4/services/sqladmin.googleapis.com [none]
[debug] [2026-01-28T14:40:16.895Z] >>> [apiv2][(partial)header] GET https://serviceusage.googleapis.com/v1/projects/mamacare-975e4/services/sqladmin.googleapis.com x-goog-quota-user=projects/mamacare-975e4
[debug] [2026-01-28T14:40:18.977Z] <<< [apiv2][status] GET https://serviceusage.googleapis.com/v1/projects/mamacare-975e4/services/firebasedataconnect.googleapis.com 200
[debug] [2026-01-28T14:40:18.978Z] <<< [apiv2][body] GET https://serviceusage.googleapis.com/v1/projects/mamacare-975e4/services/firebasedataconnect.googleapis.com [omitted]
[warn] ⚠  dataconnect: missing required API firebasedataconnect.googleapis.com. Enabling now... 
[debug] [2026-01-28T14:40:18.979Z] Checked if tokens are valid: true, expires at: 1769614754418
[debug] [2026-01-28T14:40:18.979Z] Checked if tokens are valid: true, expires at: 1769614754418
[debug] [2026-01-28T14:40:18.979Z] >>> [apiv2][query] POST https://serviceusage.googleapis.com/v1/projects/mamacare-975e4/services/firebasedataconnect.googleapis.com:enable [none]
[debug] [2026-01-28T14:40:18.979Z] >>> [apiv2][(partial)header] POST https://serviceusage.googleapis.com/v1/projects/mamacare-975e4/services/firebasedataconnect.googleapis.com:enable x-goog-quota-user=projects/mamacare-975e4
[debug] [2026-01-28T14:40:18.982Z] <<< [apiv2][status] GET https://serviceusage.googleapis.com/v1/projects/mamacare-975e4/services/sqladmin.googleapis.com 200
[debug] [2026-01-28T14:40:18.982Z] <<< [apiv2][body] GET https://serviceusage.googleapis.com/v1/projects/mamacare-975e4/services/sqladmin.googleapis.com [omitted]
[warn] ⚠  dataconnect: missing required API sqladmin.googleapis.com. Enabling now... 
[debug] [2026-01-28T14:40:18.982Z] Checked if tokens are valid: true, expires at: 1769614754418
[debug] [2026-01-28T14:40:18.982Z] Checked if tokens are valid: true, expires at: 1769614754418
[debug] [2026-01-28T14:40:18.982Z] >>> [apiv2][query] POST https://serviceusage.googleapis.com/v1/projects/mamacare-975e4/services/sqladmin.googleapis.com:enable [none]
[debug] [2026-01-28T14:40:18.982Z] >>> [apiv2][(partial)header] POST https://serviceusage.googleapis.com/v1/projects/mamacare-975e4/services/sqladmin.googleapis.com:enable x-goog-quota-user=projects/mamacare-975e4
[debug] [2026-01-28T14:40:20.724Z] <<< [apiv2][status] POST https://serviceusage.googleapis.com/v1/projects/mamacare-975e4/services/firebasedataconnect.googleapis.com:enable 200
[debug] [2026-01-28T14:40:20.724Z] <<< [apiv2][body] POST https://serviceusage.googleapis.com/v1/projects/mamacare-975e4/services/firebasedataconnect.googleapis.com:enable [omitted]
[debug] [2026-01-28T14:40:20.738Z] <<< [apiv2][status] POST https://serviceusage.googleapis.com/v1/projects/mamacare-975e4/services/sqladmin.googleapis.com:enable 200
[debug] [2026-01-28T14:40:20.738Z] <<< [apiv2][body] POST https://serviceusage.googleapis.com/v1/projects/mamacare-975e4/services/sqladmin.googleapis.com:enable [omitted]
[debug] [2026-01-28T14:40:30.754Z] Checked if tokens are valid: true, expires at: 1769614754418
[debug] [2026-01-28T14:40:30.754Z] Checked if tokens are valid: true, expires at: 1769614754418
[debug] [2026-01-28T14:40:30.755Z] >>> [apiv2][query] GET https://firebasedataconnect.googleapis.com/v1/projects/mamacare-975e4/locations/-/services [none]
[debug] [2026-01-28T14:40:32.988Z] <<< [apiv2][status] GET https://firebasedataconnect.googleapis.com/v1/projects/mamacare-975e4/locations/-/services 200
[debug] [2026-01-28T14:40:32.989Z] <<< [apiv2][body] GET https://firebasedataconnect.googleapis.com/v1/projects/mamacare-975e4/locations/-/services {}
[info] i  : ensuring required API cloudaicompanion.googleapis.com is enabled... 
[debug] [2026-01-28T14:40:36.721Z] Checked if tokens are valid: true, expires at: 1769614754418
[debug] [2026-01-28T14:40:36.721Z] Checked if tokens are valid: true, expires at: 1769614754418
[debug] [2026-01-28T14:40:36.721Z] >>> [apiv2][query] GET https://serviceusage.googleapis.com/v1/projects/mamacare-975e4/services/cloudaicompanion.googleapis.com [none]
[debug] [2026-01-28T14:40:36.721Z] >>> [apiv2][(partial)header] GET https://serviceusage.googleapis.com/v1/projects/mamacare-975e4/services/cloudaicompanion.googleapis.com x-goog-quota-user=projects/mamacare-975e4
[debug] [2026-01-28T14:40:38.707Z] <<< [apiv2][status] GET https://serviceusage.googleapis.com/v1/projects/mamacare-975e4/services/cloudaicompanion.googleapis.com 200
[debug] [2026-01-28T14:40:38.707Z] <<< [apiv2][body] GET https://serviceusage.googleapis.com/v1/projects/mamacare-975e4/services/cloudaicompanion.googleapis.com [omitted]
[warn] ⚠  : missing required API cloudaicompanion.googleapis.com. Enabling now... 
[debug] [2026-01-28T14:40:38.708Z] Checked if tokens are valid: true, expires at: 1769614754418
[debug] [2026-01-28T14:40:38.708Z] Checked if tokens are valid: true, expires at: 1769614754418
[debug] [2026-01-28T14:40:38.708Z] >>> [apiv2][query] POST https://serviceusage.googleapis.com/v1/projects/mamacare-975e4/services/cloudaicompanion.googleapis.com:enable [none]
[debug] [2026-01-28T14:40:38.708Z] >>> [apiv2][(partial)header] POST https://serviceusage.googleapis.com/v1/projects/mamacare-975e4/services/cloudaicompanion.googleapis.com:enable x-goog-quota-user=projects/mamacare-975e4
[debug] [2026-01-28T14:40:40.467Z] <<< [apiv2][status] POST https://serviceusage.googleapis.com/v1/projects/mamacare-975e4/services/cloudaicompanion.googleapis.com:enable 200
[debug] [2026-01-28T14:40:40.467Z] <<< [apiv2][body] POST https://serviceusage.googleapis.com/v1/projects/mamacare-975e4/services/cloudaicompanion.googleapis.com:enable [omitted]
[debug] [2026-01-28T14:42:49.223Z] ExitPromptError: User force closed the prompt with SIGINT
    at Interface.sigint (/Users/bypkt/.bun/install/global/node_modules/firebase-tools/node_modules/@inquirer/prompts/node_modules/@inquirer/input/node_modules/@inquirer/core/dist/commonjs/lib/create-prompt.js:101:37)
    at Interface.emit (node:events:508:28)
    at [_ttyWrite] [as _ttyWrite] (node:internal/readline/interface:1327:18)
    at ReadStream.onkeypress (node:internal/readline/interface:284:20)
    at ReadStream.emit (node:events:520:35)
    at emitKeys (node:internal/readline/utils:371:14)
    at emitKeys.next (<anonymous>)
    at ReadStream.onData (node:internal/readline/emitKeypressEvents:64:36)
    at ReadStream.emit (node:events:508:28)
    at addChunk (node:internal/streams/readable:559:12)
[error] 
[error] Error: An unexpected error has occurred.
